//mumax 3.12 [linux_amd64 go1.22.4(gc) CUDA-12.6]
//commit hash: 6e5c98bb
//CPU info: AMD EPYC 9334 32-Core Processor, Cores: 32, MHz: 3900.140
//GPU info: NVIDIA H100 PCIe(81109MB), CUDA Driver 12.6, cc=9.0, using cc=90 PTX
//OS  info: Red Hat Enterprise Linux 8.9 (Ootpa), Hostname: gpu24
//Timestamp: 2026-05-21 12:10:19
//(c) Arne Vansteenkiste, Dynamat LAB, Ghent University, Belgium
//This is free software without any warranty. See license.txt
//********************************************************************//
//  If you use mumax in any work or publication,                      //
//  we kindly ask you to cite the references in references.bib        //
//********************************************************************//
//output directory: setA-Cortes-Ortuno.out/
//starting GUI at http://127.0.0.1:35367
Nx := 32
Ny := 32
Nz := 80
a := 2e-9
R_out := 30e-9
R_in := 24e-9
L := 160e-9
SetGridsize(Nx, Ny, Nz)
SetCellsize(a, a, a)
SetPBC(0, 0, 4)
//resizing...
outer := Cylinder(2*R_out, L)
inner := Cylinder(2*R_in, L)
annulus := outer.Sub(inner)
SetGeom(annulus)
// Initializing geometry 0 %
// Initializing geometry 100 %
Msat = 860e3
Aex = 13e-12
Ku1 = 0.4e6
AnisU = vector(0, 0, 1)
alpha = 0.5
N_sectors := 16
wedge_w := 2 * R_out
wedge_h := 2 * R_out * sin(pi/(1.0*N_sectors)) * 1.4
DefRegion(1, annulus.Intersect(Rect(wedge_w, wedge_h).RotZ(2*pi*0.5/16.0)))
DefRegion(2, annulus.Intersect(Rect(wedge_w, wedge_h).RotZ(2*pi*1.5/16.0)))
DefRegion(3, annulus.Intersect(Rect(wedge_w, wedge_h).RotZ(2*pi*2.5/16.0)))
DefRegion(4, annulus.Intersect(Rect(wedge_w, wedge_h).RotZ(2*pi*3.5/16.0)))
DefRegion(5, annulus.Intersect(Rect(wedge_w, wedge_h).RotZ(2*pi*4.5/16.0)))
DefRegion(6, annulus.Intersect(Rect(wedge_w, wedge_h).RotZ(2*pi*5.5/16.0)))
DefRegion(7, annulus.Intersect(Rect(wedge_w, wedge_h).RotZ(2*pi*6.5/16.0)))
DefRegion(8, annulus.Intersect(Rect(wedge_w, wedge_h).RotZ(2*pi*7.5/16.0)))
DefRegion(9, annulus.Intersect(Rect(wedge_w, wedge_h).RotZ(2*pi*8.5/16.0)))
DefRegion(10, annulus.Intersect(Rect(wedge_w, wedge_h).RotZ(2*pi*9.5/16.0)))
DefRegion(11, annulus.Intersect(Rect(wedge_w, wedge_h).RotZ(2*pi*10.5/16.0)))
DefRegion(12, annulus.Intersect(Rect(wedge_w, wedge_h).RotZ(2*pi*11.5/16.0)))
DefRegion(13, annulus.Intersect(Rect(wedge_w, wedge_h).RotZ(2*pi*12.5/16.0)))
DefRegion(14, annulus.Intersect(Rect(wedge_w, wedge_h).RotZ(2*pi*13.5/16.0)))
DefRegion(15, annulus.Intersect(Rect(wedge_w, wedge_h).RotZ(2*pi*14.5/16.0)))
DefRegion(16, annulus.Intersect(Rect(wedge_w, wedge_h).RotZ(2*pi*15.5/16.0)))
N_D := 11
N_H := 11
D_max := 3.0e-3
B_max := mu0 * 860e3
tableadd(Dind)
tableadd(B_ext)
for iD := 0; iD < N_D; iD++ {
	d_val := D_max * (1.0 * iD) / (1.0 * (N_D - 1))
	Dind = d_val
	for iH := 0; iH < N_H; iH++ {
		b_val := B_max * (1.0 * iH) / (1.0 * (N_H - 1))
		B_ext.SetRegion(1, vector(b_val*cos(2*pi*0.5/16.0), b_val*sin(2*pi*0.5/16.0), 0))
		B_ext.SetRegion(2, vector(b_val*cos(2*pi*1.5/16.0), b_val*sin(2*pi*1.5/16.0), 0))
		B_ext.SetRegion(3, vector(b_val*cos(2*pi*2.5/16.0), b_val*sin(2*pi*2.5/16.0), 0))
		B_ext.SetRegion(4, vector(b_val*cos(2*pi*3.5/16.0), b_val*sin(2*pi*3.5/16.0), 0))
		B_ext.SetRegion(5, vector(b_val*cos(2*pi*4.5/16.0), b_val*sin(2*pi*4.5/16.0), 0))
		B_ext.SetRegion(6, vector(b_val*cos(2*pi*5.5/16.0), b_val*sin(2*pi*5.5/16.0), 0))
		B_ext.SetRegion(7, vector(b_val*cos(2*pi*6.5/16.0), b_val*sin(2*pi*6.5/16.0), 0))
		B_ext.SetRegion(8, vector(b_val*cos(2*pi*7.5/16.0), b_val*sin(2*pi*7.5/16.0), 0))
		B_ext.SetRegion(9, vector(b_val*cos(2*pi*8.5/16.0), b_val*sin(2*pi*8.5/16.0), 0))
		B_ext.SetRegion(10, vector(b_val*cos(2*pi*9.5/16.0), b_val*sin(2*pi*9.5/16.0), 0))
		B_ext.SetRegion(11, vector(b_val*cos(2*pi*10.5/16.0), b_val*sin(2*pi*10.5/16.0), 0))
		B_ext.SetRegion(12, vector(b_val*cos(2*pi*11.5/16.0), b_val*sin(2*pi*11.5/16.0), 0))
		B_ext.SetRegion(13, vector(b_val*cos(2*pi*12.5/16.0), b_val*sin(2*pi*12.5/16.0), 0))
		B_ext.SetRegion(14, vector(b_val*cos(2*pi*13.5/16.0), b_val*sin(2*pi*13.5/16.0), 0))
		B_ext.SetRegion(15, vector(b_val*cos(2*pi*14.5/16.0), b_val*sin(2*pi*14.5/16.0), 0))
		B_ext.SetRegion(16, vector(b_val*cos(2*pi*15.5/16.0), b_val*sin(2*pi*15.5/16.0), 0))
		m = randomMag()
		relax()
		saveas(m, sprint("m_", iD, "_", iH))
		tablesave()
		print("Done  iD=", iD, "  iH=", iH, "  Dind=", d_val, "  B_rad=", b_val)
	}
}
// Calculating demag kernel 0 %
// Calculating demag kernel 100 %
//Done  iD= 0   iH= 0   Dind= 0   B_rad= 0
//Done  iD= 0   iH= 1   Dind= 0   B_rad= 0.10807078728348889
//Done  iD= 0   iH= 2   Dind= 0   B_rad= 0.21614157456697777
//Done  iD= 0   iH= 3   Dind= 0   B_rad= 0.32421236185046665
//Done  iD= 0   iH= 4   Dind= 0   B_rad= 0.43228314913395555
//Done  iD= 0   iH= 5   Dind= 0   B_rad= 0.5403539364174444
//Done  iD= 0   iH= 6   Dind= 0   B_rad= 0.6484247237009333
//Done  iD= 0   iH= 7   Dind= 0   B_rad= 0.7564955109844222
//Done  iD= 0   iH= 8   Dind= 0   B_rad= 0.8645662982679111
//Done  iD= 0   iH= 9   Dind= 0   B_rad= 0.9726370855514
//Done  iD= 0   iH= 10   Dind= 0   B_rad= 1.080707872834889
//Done  iD= 1   iH= 0   Dind= 0.00030000000000000003   B_rad= 0
//Done  iD= 1   iH= 1   Dind= 0.00030000000000000003   B_rad= 0.10807078728348889
//Done  iD= 1   iH= 2   Dind= 0.00030000000000000003   B_rad= 0.21614157456697777
//Done  iD= 1   iH= 3   Dind= 0.00030000000000000003   B_rad= 0.32421236185046665
//Done  iD= 1   iH= 4   Dind= 0.00030000000000000003   B_rad= 0.43228314913395555
//Done  iD= 1   iH= 5   Dind= 0.00030000000000000003   B_rad= 0.5403539364174444
//Done  iD= 1   iH= 6   Dind= 0.00030000000000000003   B_rad= 0.6484247237009333
//Done  iD= 1   iH= 7   Dind= 0.00030000000000000003   B_rad= 0.7564955109844222
//Done  iD= 1   iH= 8   Dind= 0.00030000000000000003   B_rad= 0.8645662982679111
//Done  iD= 1   iH= 9   Dind= 0.00030000000000000003   B_rad= 0.9726370855514
//Done  iD= 1   iH= 10   Dind= 0.00030000000000000003   B_rad= 1.080707872834889
//Done  iD= 2   iH= 0   Dind= 0.0006000000000000001   B_rad= 0
//Done  iD= 2   iH= 1   Dind= 0.0006000000000000001   B_rad= 0.10807078728348889
//Done  iD= 2   iH= 2   Dind= 0.0006000000000000001   B_rad= 0.21614157456697777
//Done  iD= 2   iH= 3   Dind= 0.0006000000000000001   B_rad= 0.32421236185046665
//Done  iD= 2   iH= 4   Dind= 0.0006000000000000001   B_rad= 0.43228314913395555
//Done  iD= 2   iH= 5   Dind= 0.0006000000000000001   B_rad= 0.5403539364174444
//Done  iD= 2   iH= 6   Dind= 0.0006000000000000001   B_rad= 0.6484247237009333
//Done  iD= 2   iH= 7   Dind= 0.0006000000000000001   B_rad= 0.7564955109844222
//Done  iD= 2   iH= 8   Dind= 0.0006000000000000001   B_rad= 0.8645662982679111
//Done  iD= 2   iH= 9   Dind= 0.0006000000000000001   B_rad= 0.9726370855514
//Done  iD= 2   iH= 10   Dind= 0.0006000000000000001   B_rad= 1.080707872834889
//Done  iD= 3   iH= 0   Dind= 0.0009000000000000001   B_rad= 0
//Done  iD= 3   iH= 1   Dind= 0.0009000000000000001   B_rad= 0.10807078728348889
//Done  iD= 3   iH= 2   Dind= 0.0009000000000000001   B_rad= 0.21614157456697777
//Done  iD= 3   iH= 3   Dind= 0.0009000000000000001   B_rad= 0.32421236185046665
//Done  iD= 3   iH= 4   Dind= 0.0009000000000000001   B_rad= 0.43228314913395555
//Done  iD= 3   iH= 5   Dind= 0.0009000000000000001   B_rad= 0.5403539364174444
//Done  iD= 3   iH= 6   Dind= 0.0009000000000000001   B_rad= 0.6484247237009333
//Done  iD= 3   iH= 7   Dind= 0.0009000000000000001   B_rad= 0.7564955109844222
//Done  iD= 3   iH= 8   Dind= 0.0009000000000000001   B_rad= 0.8645662982679111
//Done  iD= 3   iH= 9   Dind= 0.0009000000000000001   B_rad= 0.9726370855514
//Done  iD= 3   iH= 10   Dind= 0.0009000000000000001   B_rad= 1.080707872834889
//Done  iD= 4   iH= 0   Dind= 0.0012000000000000001   B_rad= 0
//Done  iD= 4   iH= 1   Dind= 0.0012000000000000001   B_rad= 0.10807078728348889
//Done  iD= 4   iH= 2   Dind= 0.0012000000000000001   B_rad= 0.21614157456697777
//Done  iD= 4   iH= 3   Dind= 0.0012000000000000001   B_rad= 0.32421236185046665
//Done  iD= 4   iH= 4   Dind= 0.0012000000000000001   B_rad= 0.43228314913395555
//Done  iD= 4   iH= 5   Dind= 0.0012000000000000001   B_rad= 0.5403539364174444
//Done  iD= 4   iH= 6   Dind= 0.0012000000000000001   B_rad= 0.6484247237009333
//Done  iD= 4   iH= 7   Dind= 0.0012000000000000001   B_rad= 0.7564955109844222
//Done  iD= 4   iH= 8   Dind= 0.0012000000000000001   B_rad= 0.8645662982679111
//Done  iD= 4   iH= 9   Dind= 0.0012000000000000001   B_rad= 0.9726370855514
//Done  iD= 4   iH= 10   Dind= 0.0012000000000000001   B_rad= 1.080707872834889
//Done  iD= 5   iH= 0   Dind= 0.0015   B_rad= 0
//Done  iD= 5   iH= 1   Dind= 0.0015   B_rad= 0.10807078728348889
//Done  iD= 5   iH= 2   Dind= 0.0015   B_rad= 0.21614157456697777
//Done  iD= 5   iH= 3   Dind= 0.0015   B_rad= 0.32421236185046665
//Done  iD= 5   iH= 4   Dind= 0.0015   B_rad= 0.43228314913395555
//Done  iD= 5   iH= 5   Dind= 0.0015   B_rad= 0.5403539364174444
//Done  iD= 5   iH= 6   Dind= 0.0015   B_rad= 0.6484247237009333
//Done  iD= 5   iH= 7   Dind= 0.0015   B_rad= 0.7564955109844222
//Done  iD= 5   iH= 8   Dind= 0.0015   B_rad= 0.8645662982679111
//Done  iD= 5   iH= 9   Dind= 0.0015   B_rad= 0.9726370855514
//Done  iD= 5   iH= 10   Dind= 0.0015   B_rad= 1.080707872834889
//Done  iD= 6   iH= 0   Dind= 0.0018000000000000002   B_rad= 0
//Done  iD= 6   iH= 1   Dind= 0.0018000000000000002   B_rad= 0.10807078728348889
//Done  iD= 6   iH= 2   Dind= 0.0018000000000000002   B_rad= 0.21614157456697777
//Done  iD= 6   iH= 3   Dind= 0.0018000000000000002   B_rad= 0.32421236185046665
//Done  iD= 6   iH= 4   Dind= 0.0018000000000000002   B_rad= 0.43228314913395555
//Done  iD= 6   iH= 5   Dind= 0.0018000000000000002   B_rad= 0.5403539364174444
//Done  iD= 6   iH= 6   Dind= 0.0018000000000000002   B_rad= 0.6484247237009333
//Done  iD= 6   iH= 7   Dind= 0.0018000000000000002   B_rad= 0.7564955109844222
//Done  iD= 6   iH= 8   Dind= 0.0018000000000000002   B_rad= 0.8645662982679111
//Done  iD= 6   iH= 9   Dind= 0.0018000000000000002   B_rad= 0.9726370855514
//Done  iD= 6   iH= 10   Dind= 0.0018000000000000002   B_rad= 1.080707872834889
//Done  iD= 7   iH= 0   Dind= 0.0021000000000000003   B_rad= 0
//Done  iD= 7   iH= 1   Dind= 0.0021000000000000003   B_rad= 0.10807078728348889
//Done  iD= 7   iH= 2   Dind= 0.0021000000000000003   B_rad= 0.21614157456697777
//Done  iD= 7   iH= 3   Dind= 0.0021000000000000003   B_rad= 0.32421236185046665
//Done  iD= 7   iH= 4   Dind= 0.0021000000000000003   B_rad= 0.43228314913395555
//Done  iD= 7   iH= 5   Dind= 0.0021000000000000003   B_rad= 0.5403539364174444
//Done  iD= 7   iH= 6   Dind= 0.0021000000000000003   B_rad= 0.6484247237009333
//Done  iD= 7   iH= 7   Dind= 0.0021000000000000003   B_rad= 0.7564955109844222
//Done  iD= 7   iH= 8   Dind= 0.0021000000000000003   B_rad= 0.8645662982679111
//Done  iD= 7   iH= 9   Dind= 0.0021000000000000003   B_rad= 0.9726370855514
//Done  iD= 7   iH= 10   Dind= 0.0021000000000000003   B_rad= 1.080707872834889
//Done  iD= 8   iH= 0   Dind= 0.0024000000000000002   B_rad= 0
//Done  iD= 8   iH= 1   Dind= 0.0024000000000000002   B_rad= 0.10807078728348889
//Done  iD= 8   iH= 2   Dind= 0.0024000000000000002   B_rad= 0.21614157456697777
//Done  iD= 8   iH= 3   Dind= 0.0024000000000000002   B_rad= 0.32421236185046665
//Done  iD= 8   iH= 4   Dind= 0.0024000000000000002   B_rad= 0.43228314913395555
//Done  iD= 8   iH= 5   Dind= 0.0024000000000000002   B_rad= 0.5403539364174444
//Done  iD= 8   iH= 6   Dind= 0.0024000000000000002   B_rad= 0.6484247237009333
//Done  iD= 8   iH= 7   Dind= 0.0024000000000000002   B_rad= 0.7564955109844222
//Done  iD= 8   iH= 8   Dind= 0.0024000000000000002   B_rad= 0.8645662982679111
//Done  iD= 8   iH= 9   Dind= 0.0024000000000000002   B_rad= 0.9726370855514
//Done  iD= 8   iH= 10   Dind= 0.0024000000000000002   B_rad= 1.080707872834889
//Done  iD= 9   iH= 0   Dind= 0.0027   B_rad= 0
//Done  iD= 9   iH= 1   Dind= 0.0027   B_rad= 0.10807078728348889
//Done  iD= 9   iH= 2   Dind= 0.0027   B_rad= 0.21614157456697777
//Done  iD= 9   iH= 3   Dind= 0.0027   B_rad= 0.32421236185046665
//Done  iD= 9   iH= 4   Dind= 0.0027   B_rad= 0.43228314913395555
//Done  iD= 9   iH= 5   Dind= 0.0027   B_rad= 0.5403539364174444
//Done  iD= 9   iH= 6   Dind= 0.0027   B_rad= 0.6484247237009333
//Done  iD= 9   iH= 7   Dind= 0.0027   B_rad= 0.7564955109844222
//Done  iD= 9   iH= 8   Dind= 0.0027   B_rad= 0.8645662982679111
//Done  iD= 9   iH= 9   Dind= 0.0027   B_rad= 0.9726370855514
//Done  iD= 9   iH= 10   Dind= 0.0027   B_rad= 1.080707872834889
//Done  iD= 10   iH= 0   Dind= 0.003   B_rad= 0
//Done  iD= 10   iH= 1   Dind= 0.003   B_rad= 0.10807078728348889
//Done  iD= 10   iH= 2   Dind= 0.003   B_rad= 0.21614157456697777
//Done  iD= 10   iH= 3   Dind= 0.003   B_rad= 0.32421236185046665
//Done  iD= 10   iH= 4   Dind= 0.003   B_rad= 0.43228314913395555
//Done  iD= 10   iH= 5   Dind= 0.003   B_rad= 0.5403539364174444
//Done  iD= 10   iH= 6   Dind= 0.003   B_rad= 0.6484247237009333
//Done  iD= 10   iH= 7   Dind= 0.003   B_rad= 0.7564955109844222
//Done  iD= 10   iH= 8   Dind= 0.003   B_rad= 0.8645662982679111
//Done  iD= 10   iH= 9   Dind= 0.003   B_rad= 0.9726370855514
//Done  iD= 10   iH= 10   Dind= 0.003   B_rad= 1.080707872834889
print("=== Scan complete — output in setA-Cortes-Ortuno.out/ ===")
//=== Scan complete — output in setA-Cortes-Ortuno.out/ ===
//********************************************************************//
//Please cite the following references, relevant for your simulation. //
//See bibtex file in output folder for justification.                 //
//********************************************************************//
//   * Vansteenkiste et al., AIP Adv. 4, 107133 (2014).
//   * Mulkers et al., Phys. Rev. B 95, 144401 (2017).
